Archive member included because of file (symbol)

c:/program files (x86)/gnu tools arm embedded/4.8 2013q4/bin/../lib/gcc/arm-none-eabi/4.8.3/armv6-m\libgcc.a(_udivsi3.o)
                              ..\obj\lpc11xx_syscon.o (__aeabi_uidiv)
c:/program files (x86)/gnu tools arm embedded/4.8 2013q4/bin/../lib/gcc/arm-none-eabi/4.8.3/armv6-m\libgcc.a(_dvmd_tls.o)
                              c:/program files (x86)/gnu tools arm embedded/4.8 2013q4/bin/../lib/gcc/arm-none-eabi/4.8.3/armv6-m\libgcc.a(_udivsi3.o) (__aeabi_idiv0)

Discarded input sections

 .text          0x00000000        0x0 ..\obj\main.o
 .data          0x00000000        0x0 ..\obj\main.o
 .bss           0x00000000        0x0 ..\obj\main.o
 .text          0x00000000        0x0 ..\obj\system_LPC11Uxx.o
 .bss           0x00000000        0x0 ..\obj\system_LPC11Uxx.o
 .text          0x00000000        0x0 ..\obj\lpc11xx_syscon.o
 .data          0x00000000        0x0 ..\obj\lpc11xx_syscon.o
 .bss           0x00000000        0x0 ..\obj\lpc11xx_syscon.o
 .text.SYSCON_MemRemap
                0x00000000       0x18 ..\obj\lpc11xx_syscon.o
 .text.SYSCON_GetLockStatus
                0x00000000       0x34 ..\obj\lpc11xx_syscon.o
 .text.SYSCON_PLLClkSel
                0x00000000       0x18 ..\obj\lpc11xx_syscon.o
 .text.SYSCON_PLLUpdate
                0x00000000       0x2c ..\obj\lpc11xx_syscon.o
 .text.SYSCON_PLLConfig
                0x00000000       0x5c ..\obj\lpc11xx_syscon.o
 .text.SYSCON_PeriphResetCmd
                0x00000000       0x4c ..\obj\lpc11xx_syscon.o
 .text.SYSCON_MCKSel
                0x00000000       0x18 ..\obj\lpc11xx_syscon.o
 .text.SYSCON_MCKUpdate
                0x00000000       0x2c ..\obj\lpc11xx_syscon.o
 .text.SYSCON_SetAHBClockDiv
                0x00000000       0x18 ..\obj\lpc11xx_syscon.o
 .text.SYSCON_SetSPI0ClockDiv
                0x00000000       0x1c ..\obj\lpc11xx_syscon.o
 .text.SYSCON_SetSPI1ClockDiv
                0x00000000       0x1c ..\obj\lpc11xx_syscon.o
 .text.SYSCON_SetUARTClockDiv
                0x00000000       0x1c ..\obj\lpc11xx_syscon.o
 .text.SYSCON_SetWDTClockDiv
                0x00000000       0x10 ..\obj\lpc11xx_syscon.o
 .text.SYSCON_SetCLKOUTClockDiv
                0x00000000       0x1c ..\obj\lpc11xx_syscon.o
 .text.SysOscConfig
                0x00000000       0x40 ..\obj\lpc11xx_syscon.o
 .text.SYSCON_WDTOscConfig
                0x00000000       0x20 ..\obj\lpc11xx_syscon.o
 .text.SYSCON_WDTClkSel
                0x00000000       0x10 ..\obj\lpc11xx_syscon.o
 .text.SYSCON_WDTClkUpdate
                0x00000000        0x8 ..\obj\lpc11xx_syscon.o
 .text.SYSCON_CLKOUTClkSel
                0x00000000       0x10 ..\obj\lpc11xx_syscon.o
 .text.SYSCON_CLKOUTClkDiv
                0x00000000       0x1c ..\obj\lpc11xx_syscon.o
 .text.SYSCON_CLKOUTClkUpdate
                0x00000000       0x34 ..\obj\lpc11xx_syscon.o
 .text.SYSCON_GetPIORstState
                0x00000000      0x104 ..\obj\lpc11xx_syscon.o
 .text.SYSCON_PowerCon
                0x00000000       0x68 ..\obj\lpc11xx_syscon.o
 .text.SYSCON_GetPowerSta
                0x00000000       0x48 ..\obj\lpc11xx_syscon.o
 .text.SYSCON_DeepSleepPowerCon
                0x00000000       0x68 ..\obj\lpc11xx_syscon.o
 .text.SYSCON_WakeupPowerCon
                0x00000000       0x68 ..\obj\lpc11xx_syscon.o
 .text.SYSCON_GetWDTOsc
                0x00000000       0xe8 ..\obj\lpc11xx_syscon.o
 .rodata        0x00000000       0x40 ..\obj\lpc11xx_syscon.o
 .text.SYSCON_StartLogicEdge
                0x00000000       0x14 ..\obj\lpc11xx_syscon.o
 .text.SYSCON_StartLogicCmd
                0x00000000       0x5c ..\obj\lpc11xx_syscon.o
 .text.SYSCON_StartLogicReset
                0x00000000       0x10 ..\obj\lpc11xx_syscon.o
 .text.SYSCON_GetSSP0Clock
                0x00000000       0x5c ..\obj\lpc11xx_syscon.o
 .text.SYSCON_GetUARTClock
                0x00000000       0x40 ..\obj\lpc11xx_syscon.o
 .text          0x00000000        0x0 ..\obj\syscalls.o
 .data          0x00000000        0x0 ..\obj\syscalls.o
 .bss           0x00000000        0x4 ..\obj\syscalls.o
 .text._sbrk    0x00000000       0x3c ..\obj\syscalls.o
 .text.link     0x00000000       0x18 ..\obj\syscalls.o
 .text._close   0x00000000       0x14 ..\obj\syscalls.o
 .text._fstat   0x00000000       0x1c ..\obj\syscalls.o
 .text._isatty  0x00000000       0x14 ..\obj\syscalls.o
 .text._lseek   0x00000000       0x18 ..\obj\syscalls.o
 .text._read    0x00000000       0x18 ..\obj\syscalls.o
 .text._write   0x00000000       0x18 ..\obj\syscalls.o
 .text.abort    0x00000000        0x8 ..\obj\syscalls.o
 .debug_info    0x00000000      0x3ee ..\obj\syscalls.o
 .debug_abbrev  0x00000000       0xe2 ..\obj\syscalls.o
 .debug_aranges
                0x00000000       0x60 ..\obj\syscalls.o
 .debug_ranges  0x00000000       0x50 ..\obj\syscalls.o
 .debug_line    0x00000000      0x1b5 ..\obj\syscalls.o
 .debug_str     0x00000000      0x363 ..\obj\syscalls.o
 .comment       0x00000000       0x71 ..\obj\syscalls.o
 .ARM.attributes
                0x00000000       0x31 ..\obj\syscalls.o
 .debug_frame   0x00000000      0x12c ..\obj\syscalls.o
 .text          0x00000000        0x0 ..\obj\startup_lpc11xx.o
 .data          0x00000000        0x0 ..\obj\startup_lpc11xx.o
 .bss           0x00000000        0x0 ..\obj\startup_lpc11xx.o
 .text          0x00000000        0x0 ..\obj\Blink.o
 .data          0x00000000        0x0 ..\obj\Blink.o
 .bss           0x00000000        0x0 ..\obj\Blink.o
 .text          0x00000000        0x0 ..\obj\core_cm0.o
 .data          0x00000000        0x0 ..\obj\core_cm0.o
 .bss           0x00000000        0x0 ..\obj\core_cm0.o
 .text.__get_PSP
                0x00000000       0x10 ..\obj\core_cm0.o
 .text.__set_PSP
                0x00000000        0x8 ..\obj\core_cm0.o
 .text.__get_MSP
                0x00000000       0x10 ..\obj\core_cm0.o
 .text.__set_MSP
                0x00000000        0x8 ..\obj\core_cm0.o
 .text.__get_PRIMASK
                0x00000000       0x1c ..\obj\core_cm0.o
 .text.__set_PRIMASK
                0x00000000       0x14 ..\obj\core_cm0.o
 .text.__get_CONTROL
                0x00000000       0x1c ..\obj\core_cm0.o
 .text.__set_CONTROL
                0x00000000       0x14 ..\obj\core_cm0.o
 .text.__REV    0x00000000       0x1c ..\obj\core_cm0.o
 .text.__REV16  0x00000000       0x24 ..\obj\core_cm0.o
 .text.__REVSH  0x00000000       0x24 ..\obj\core_cm0.o
 .debug_info    0x00000000      0x277 ..\obj\core_cm0.o
 .debug_abbrev  0x00000000       0xa3 ..\obj\core_cm0.o
 .debug_aranges
                0x00000000       0x70 ..\obj\core_cm0.o
 .debug_ranges  0x00000000       0x60 ..\obj\core_cm0.o
 .debug_line    0x00000000      0x1d4 ..\obj\core_cm0.o
 .debug_str     0x00000000      0x254 ..\obj\core_cm0.o
 .comment       0x00000000       0x71 ..\obj\core_cm0.o
 .ARM.attributes
                0x00000000       0x31 ..\obj\core_cm0.o
 .debug_frame   0x00000000      0x130 ..\obj\core_cm0.o
 .text          0x00000000       0x9c c:/program files (x86)/gnu tools arm embedded/4.8 2013q4/bin/../lib/gcc/arm-none-eabi/4.8.3/armv6-m\libgcc.a(_udivsi3.o)
 .data          0x00000000        0x0 c:/program files (x86)/gnu tools arm embedded/4.8 2013q4/bin/../lib/gcc/arm-none-eabi/4.8.3/armv6-m\libgcc.a(_udivsi3.o)
 .bss           0x00000000        0x0 c:/program files (x86)/gnu tools arm embedded/4.8 2013q4/bin/../lib/gcc/arm-none-eabi/4.8.3/armv6-m\libgcc.a(_udivsi3.o)
 .debug_frame   0x00000000       0x20 c:/program files (x86)/gnu tools arm embedded/4.8 2013q4/bin/../lib/gcc/arm-none-eabi/4.8.3/armv6-m\libgcc.a(_udivsi3.o)
 .ARM.attributes
                0x00000000       0x1e c:/program files (x86)/gnu tools arm embedded/4.8 2013q4/bin/../lib/gcc/arm-none-eabi/4.8.3/armv6-m\libgcc.a(_udivsi3.o)
 .text          0x00000000        0x4 c:/program files (x86)/gnu tools arm embedded/4.8 2013q4/bin/../lib/gcc/arm-none-eabi/4.8.3/armv6-m\libgcc.a(_dvmd_tls.o)
 .data          0x00000000        0x0 c:/program files (x86)/gnu tools arm embedded/4.8 2013q4/bin/../lib/gcc/arm-none-eabi/4.8.3/armv6-m\libgcc.a(_dvmd_tls.o)
 .bss           0x00000000        0x0 c:/program files (x86)/gnu tools arm embedded/4.8 2013q4/bin/../lib/gcc/arm-none-eabi/4.8.3/armv6-m\libgcc.a(_dvmd_tls.o)
 .ARM.attributes
                0x00000000       0x1e c:/program files (x86)/gnu tools arm embedded/4.8 2013q4/bin/../lib/gcc/arm-none-eabi/4.8.3/armv6-m\libgcc.a(_dvmd_tls.o)

Memory Configuration

Name             Origin             Length             Attributes
rom              0x00000000         0x00008000         xr
ram              0x10000000         0x00002000         xrw
*default*        0x00000000         0xffffffff

Linker script and memory map

                0x10002000                _eram = 0x10002000

.text           0x00000000      0x418
 *(.isr_vector)
 .isr_vector    0x00000000       0xc0 ..\obj\startup_lpc11xx.o
                0x00000000                g_pfnVectors
 *(.text*)
 .text.main     0x000000c0        0xc ..\obj\main.o
                0x000000c0                main
 .text.EnablePLLViaPowerAPI
                0x000000cc       0x44 ..\obj\system_LPC11Uxx.o
                0x000000cc                EnablePLLViaPowerAPI
 .text.SystemPLL_Setup
                0x00000110       0xc4 ..\obj\system_LPC11Uxx.o
                0x00000110                SystemPLL_Setup
 .text.USB_PLL_Setup
                0x000001d4       0xc0 ..\obj\system_LPC11Uxx.o
                0x000001d4                USB_PLL_Setup
 .text.SystemInit
                0x00000294       0x60 ..\obj\system_LPC11Uxx.o
                0x00000294                SystemInit
 .text.SYSCON_AHBPeriphClockCmd
                0x000002f4       0x58 ..\obj\lpc11xx_syscon.o
                0x000002f4                SYSCON_AHBPeriphClockCmd
 .text.Default_Reset_Handler
                0x0000034c       0x64 ..\obj\startup_lpc11xx.o
                0x0000034c                Default_Reset_Handler
                0x0000034c                Reset_Handler
 .text.Default_Handler
                0x000003b0        0x8 ..\obj\startup_lpc11xx.o
                0x000003b0                TIMER16_0_IRQHandler
                0x000003b0                DebugMon_Handler
                0x000003b0                HardFault_Handler
                0x000003b0                SysTick_Handler
                0x000003b0                PendSV_Handler
                0x000003b0                NMI_Handler
                0x000003b0                UART_IRQHandler
                0x000003b0                TIMER32_0_IRQHandler
                0x000003b0                TIMER32_1_IRQHandler
                0x000003b0                UsageFault_Handler
                0x000003b0                PIOINT1_IRQHandler
                0x000003b0                CAN_IRQHandler
                0x000003b0                SSP0_IRQHandler
                0x000003b0                TIMER16_1_IRQHandler
                0x000003b0                USB_FIQHandler
                0x000003b0                ADC_IRQHandler
                0x000003b0                SSP1_IRQHandler
                0x000003b0                PIOINT2_IRQHandler
                0x000003b0                USB_IRQHandler
                0x000003b0                BOD_IRQHandler
                0x000003b0                WAKEUP_IRQHandler
                0x000003b0                PIOINT0_IRQHandler
                0x000003b0                I2C_IRQHandler
                0x000003b0                MemManage_Handler
                0x000003b0                WDT_IRQHandler
                0x000003b0                SVC_Handler
                0x000003b0                PIOINT3_IRQHandler
                0x000003b0                BusFault_Handler
                0x000003b0                FMC_IRQHandler
 .text.BlinkExp
                0x000003b8       0x60 ..\obj\Blink.o
                0x000003b8                BlinkExp
 *(.init)
 *(.fini)
 *crtbegin.o(.ctors)
 *crtbegin?.o(.ctors)
 *(EXCLUDE_FILE(*crtend.o *crtend?.o) .ctors)
 *(SORT(.ctors.*))
 *(.ctors)
 *crtbegin.o(.dtors)
 *crtbegin?.o(.dtors)
 *(EXCLUDE_FILE(*crtend.o *crtend?.o) .dtors)
 *(SORT(.dtors.*))
 *(.dtors)
 *(.rodata*)
 *(.eh_fram e*)

.glue_7         0x00000418        0x0
 .glue_7        0x00000000        0x0 linker stubs

.glue_7t        0x00000418        0x0
 .glue_7t       0x00000000        0x0 linker stubs

.vfp11_veneer   0x00000418        0x0
 .vfp11_veneer  0x00000000        0x0 linker stubs

.v4_bx          0x00000418        0x0
 .v4_bx         0x00000000        0x0 linker stubs

.iplt           0x00000418        0x0
 .iplt          0x00000000        0x0 ..\obj\main.o

.rel.dyn        0x00000418        0x0
 .rel.iplt      0x00000000        0x0 ..\obj\main.o

.ARM.extab
 *(.ARM.extab* .gnu.linkonce.armextab.*)
                0x00000418                __exidx_start = .

.ARM.exidx
 *(.ARM.exidx* .gnu.linkonce.armexidx.*)
                0x00000418                __exidx_end = .
                0x00000418                __etext = .
                0x00000418                _sidata = __etext

.data           0x10000000        0xc load address 0x00000418
                0x10000000                __data_start__ = .
                0x10000000                _sdata = __data_start__
 *(vtable)
 *(.data*)
 .data          0x10000000        0xc ..\obj\system_LPC11Uxx.o
                0x10000000                ClockSource
                0x10000004                SystemFrequency
                0x10000008                SystemAHBFrequency
                0x1000000c                . = ALIGN (0x4)
                0x1000000c                PROVIDE (__preinit_array_start, .)
 *(.preinit_array)
                0x1000000c                PROVIDE (__preinit_array_end, .)
                0x1000000c                . = ALIGN (0x4)
                0x1000000c                PROVIDE (__init_array_start, .)
 *(SORT(.init_array.*))
 *(.init_array)
                0x1000000c                PROVIDE (__init_array_end, .)
                0x1000000c                . = ALIGN (0x4)
                0x1000000c                PROVIDE (__fini_array_start, .)
 *(SORT(.fini_array.*))
 *(.fini_array)
                0x1000000c                PROVIDE (__fini_array_end, .)
 *(.jcr*)
                0x1000000c                . = ALIGN (0x4)
                0x1000000c                __data_end__ = .
                0x1000000c                _edata = __data_end__

.igot.plt       0x1000000c        0x0 load address 0x00000424
 .igot.plt      0x00000000        0x0 ..\obj\main.o

.bss            0x1000000c        0x0
                0x1000000c                . = ALIGN (0x4)
                0x1000000c                __bss_start__ = .
                0x1000000c                _sbss = __bss_start__
 *(.bss*)
 *(COMMON)
                0x1000000c                . = ALIGN (0x4)
                0x1000000c                __bss_end__ = .
                0x1000000c                _ebss = __bss_end__

.heap           0x1000000c        0x0
                0x1000000c                __end__ = .
                0x1000000c                _end = __end__
                0x1000000c                end = __end__
 *(.heap*)
                0x1000000c                __HeapLimit = .

.co_stack       0x1000000c      0x404 load address 0x00000424
                0x10000010                . = ALIGN (0x8)
 *fill*         0x1000000c        0x4 
 *(.co_stack .co_stack.*)
 .co_stack      0x10000010      0x400 ..\obj\startup_lpc11xx.o
                0x10000010                pulStack
                0x10002000                __StackTop = (ORIGIN (ram) + 0x2000)
                0x10001bfc                __StackLimit = (__StackTop - SIZEOF (.co_stack))
                0x10002000                PROVIDE (__stack, __StackTop)
                0x00000001                ASSERT ((__StackLimit >= __HeapLimit), region ram  overflowed with stack)
LOAD ..\obj\main.o
LOAD ..\obj\system_LPC11Uxx.o
LOAD ..\obj\lpc11xx_syscon.o
LOAD ..\obj\syscalls.o
LOAD ..\obj\startup_lpc11xx.o
LOAD ..\obj\Blink.o
LOAD ..\obj\core_cm0.o
START GROUP
LOAD c:/program files (x86)/gnu tools arm embedded/4.8 2013q4/bin/../lib/gcc/arm-none-eabi/4.8.3/armv6-m\libgcc.a
LOAD c:/program files (x86)/gnu tools arm embedded/4.8 2013q4/bin/../lib/gcc/arm-none-eabi/4.8.3/../../../../arm-none-eabi/lib/armv6-m\libg.a
LOAD c:/program files (x86)/gnu tools arm embedded/4.8 2013q4/bin/../lib/gcc/arm-none-eabi/4.8.3/../../../../arm-none-eabi/lib/armv6-m\libc.a
END GROUP
OUTPUT(mX-LPC11U14_blinky.elf elf32-littlearm)

.debug_info     0x00000000     0x15e6
 .debug_info    0x00000000       0x3e ..\obj\main.o
 .debug_info    0x0000003e      0x692 ..\obj\system_LPC11Uxx.o
 .debug_info    0x000006d0      0xb13 ..\obj\lpc11xx_syscon.o
 .debug_info    0x000011e3       0xfe ..\obj\startup_lpc11xx.o
 .debug_info    0x000012e1      0x305 ..\obj\Blink.o

.debug_abbrev   0x00000000      0x555
 .debug_abbrev  0x00000000       0x37 ..\obj\main.o
 .debug_abbrev  0x00000037      0x15d ..\obj\system_LPC11Uxx.o
 .debug_abbrev  0x00000194      0x1de ..\obj\lpc11xx_syscon.o
 .debug_abbrev  0x00000372       0xa7 ..\obj\startup_lpc11xx.o
 .debug_abbrev  0x00000419      0x13c ..\obj\Blink.o

.debug_aranges  0x00000000      0x1c0
 .debug_aranges
                0x00000000       0x20 ..\obj\main.o
 .debug_aranges
                0x00000020       0x38 ..\obj\system_LPC11Uxx.o
 .debug_aranges
                0x00000058      0x120 ..\obj\lpc11xx_syscon.o
 .debug_aranges
                0x00000178       0x28 ..\obj\startup_lpc11xx.o
 .debug_aranges
                0x000001a0       0x20 ..\obj\Blink.o

.debug_ranges   0x00000000      0x170
 .debug_ranges  0x00000000       0x10 ..\obj\main.o
 .debug_ranges  0x00000010       0x28 ..\obj\system_LPC11Uxx.o
 .debug_ranges  0x00000038      0x110 ..\obj\lpc11xx_syscon.o
 .debug_ranges  0x00000148       0x18 ..\obj\startup_lpc11xx.o
 .debug_ranges  0x00000160       0x10 ..\obj\Blink.o

.debug_line     0x00000000      0xad0
 .debug_line    0x00000000       0xa5 ..\obj\main.o
 .debug_line    0x000000a5      0x1dc ..\obj\system_LPC11Uxx.o
 .debug_line    0x00000281      0x533 ..\obj\lpc11xx_syscon.o
 .debug_line    0x000007b4       0xea ..\obj\startup_lpc11xx.o
 .debug_line    0x0000089e      0x232 ..\obj\Blink.o

.debug_str      0x00000000      0xb19
 .debug_str     0x00000000       0xf3 ..\obj\main.o
 .debug_str     0x000000f3      0x428 ..\obj\system_LPC11Uxx.o
                                0x4dd (size before relaxing)
 .debug_str     0x0000051b      0x462 ..\obj\lpc11xx_syscon.o
                                0x7f4 (size before relaxing)
 .debug_str     0x0000097d      0x100 ..\obj\startup_lpc11xx.o
                                0x197 (size before relaxing)
 .debug_str     0x00000a7d       0x9c ..\obj\Blink.o
                                0x21a (size before relaxing)

.comment        0x00000000       0x70
 .comment       0x00000000       0x70 ..\obj\main.o
                                 0x71 (size before relaxing)
 .comment       0x00000000       0x71 ..\obj\system_LPC11Uxx.o
 .comment       0x00000000       0x71 ..\obj\lpc11xx_syscon.o
 .comment       0x00000000       0x71 ..\obj\startup_lpc11xx.o
 .comment       0x00000000       0x71 ..\obj\Blink.o

.ARM.attributes
                0x00000000       0x31
 .ARM.attributes
                0x00000000       0x31 ..\obj\main.o
 .ARM.attributes
                0x00000031       0x31 ..\obj\system_LPC11Uxx.o
 .ARM.attributes
                0x00000062       0x31 ..\obj\lpc11xx_syscon.o
 .ARM.attributes
                0x00000093       0x31 ..\obj\startup_lpc11xx.o
 .ARM.attributes
                0x000000c4       0x31 ..\obj\Blink.o

.debug_frame    0x00000000      0x558
 .debug_frame   0x00000000       0x2c ..\obj\main.o
 .debug_frame   0x0000002c       0x90 ..\obj\system_LPC11Uxx.o
 .debug_frame   0x000000bc      0x420 ..\obj\lpc11xx_syscon.o
 .debug_frame   0x000004dc       0x4c ..\obj\startup_lpc11xx.o
 .debug_frame   0x00000528       0x30 ..\obj\Blink.o
